19:17:11.441 [restartedMain] INFO  c.b.RuoYiApplication - [logStarting,55] - Starting RuoYiApplication using Java 1.8.0_322 on LAPTOP-E35JHJUB with PID 7476 (D:\work\order-process-main\brt-admin\target\classes started by dada in D:\work\order-process-main)
19:17:11.445 [background-preinit] INFO  o.h.v.i.util.Version - [<clinit>,21] - HV000001: Hibernate Validator 6.2.3.Final
19:17:11.447 [restartedMain] INFO  c.b.RuoYiApplication - [logStartupProfileInfo,686] - The following 2 profiles are active: "druid", "dev"
19:17:14.202 [restartedMain] INFO  o.a.c.h.Http11NioProtocol - [log,173] - Initializing ProtocolHandler ["http-nio-8080"]
19:17:14.203 [restartedMain] INFO  o.a.c.c.StandardService - [log,173] - Starting service [Tomcat]
19:17:14.203 [restartedMain] INFO  o.a.c.c.StandardEngine - [log,173] - Starting Servlet engine: [Apache Tomcat/9.0.63]
19:17:14.301 [restartedMain] INFO  o.a.c.c.C.[.[.[/order-process-server] - [log,173] - Initializing Spring embedded WebApplicationContext
19:17:20.429 [restartedMain] INFO  c.a.d.p.DruidDataSource - [init,996] - {dataSource-1} inited
19:17:26.230 [restartedMain] INFO  o.q.i.StdSchedulerFactory - [instantiate,1220] - Using default implementation for ThreadExecutor
19:17:26.238 [restartedMain] INFO  o.q.c.SchedulerSignalerImpl - [<init>,61] - Initialized Scheduler Signaller of type: class org.quartz.core.SchedulerSignalerImpl
19:17:26.238 [restartedMain] INFO  o.q.c.QuartzScheduler - [<init>,229] - Quartz Scheduler v.2.3.2 created.
19:17:26.239 [restartedMain] INFO  o.q.s.RAMJobStore - [initialize,155] - RAMJobStore initialized.
19:17:26.239 [restartedMain] INFO  o.q.c.QuartzScheduler - [initialize,294] - Scheduler meta-data: Quartz Scheduler (v2.3.2) 'quartzScheduler' with instanceId 'NON_CLUSTERED'
  Scheduler class: 'org.quartz.core.QuartzScheduler' - running locally.
  NOT STARTED.
  Currently in standby mode.
  Number of jobs executed: 0
  Using thread pool 'org.quartz.simpl.SimpleThreadPool' - with 10 threads.
  Using job-store 'org.quartz.simpl.RAMJobStore' - which does not support persistence. and is not clustered.

19:17:26.239 [restartedMain] INFO  o.q.i.StdSchedulerFactory - [instantiate,1374] - Quartz scheduler 'quartzScheduler' initialized from an externally provided properties instance.
19:17:26.241 [restartedMain] INFO  o.q.i.StdSchedulerFactory - [instantiate,1378] - Quartz scheduler version: 2.3.2
19:17:26.241 [restartedMain] INFO  o.q.c.QuartzScheduler - [setJobFactory,2293] - JobFactory set to: org.springframework.scheduling.quartz.SpringBeanJobFactory@141fc6ea
19:17:28.052 [restartedMain] INFO  o.a.c.h.Http11NioProtocol - [log,173] - Starting ProtocolHandler ["http-nio-8080"]
19:17:28.991 [restartedMain] INFO  o.q.c.QuartzScheduler - [start,547] - Scheduler quartzScheduler_$_NON_CLUSTERED started.
19:17:29.001 [restartedMain] INFO  c.b.RuoYiApplication - [logStarted,61] - Started RuoYiApplication in 17.961 seconds (JVM running for 19.4)
19:17:59.429 [http-nio-8080-exec-2] INFO  o.a.c.c.C.[.[.[/order-process-server] - [log,173] - Initializing Spring DispatcherServlet 'dispatcherServlet'
19:18:13.084 [schedule-pool-1] INFO  sys-user - [run,55] - [127.0.0.1]内网IP[admin][Success][登录成功]
19:21:43.339 [schedule-pool-1] INFO  sys-user - [run,55] - [127.0.0.1]内网IP[admin][Logout][退出成功]
19:21:59.539 [schedule-pool-2] INFO  sys-user - [run,55] - [127.0.0.1]内网IP[admin][Success][登录成功]
19:27:18.288 [container-2] INFO  c.b.f.r.RedisKeyExpirationListener - [onMessage,30] - 过期的KEY===>>repeat_submit:/order-process-server/order/flowTemplateBearer eyJhbGciOiJIUzUxMiJ9.eyJsb2dpbl91c2VyX2tleSI6ImUwMTIyMTkzLTI5Y2YtNDFkNy05OWIzLTc5OTRlMzEwNGJiNiJ9.QET83fL9TfjWZ3b10hlNSXAKolz2L5BeJUSymIE5d_UsHPHXMnnWmkSfpYP59TMdLobw0FAOoadhcuQlQe9shA 
19:28:04.746 [container-3] INFO  c.b.f.r.RedisKeyExpirationListener - [onMessage,30] - 过期的KEY===>>repeat_submit:/order-process-server/order/salesOrderBearer eyJhbGciOiJIUzUxMiJ9.eyJsb2dpbl91c2VyX2tleSI6ImUwMTIyMTkzLTI5Y2YtNDFkNy05OWIzLTc5OTRlMzEwNGJiNiJ9.QET83fL9TfjWZ3b10hlNSXAKolz2L5BeJUSymIE5d_UsHPHXMnnWmkSfpYP59TMdLobw0FAOoadhcuQlQe9shA 
19:28:23.374 [container-4] INFO  c.b.f.r.RedisKeyExpirationListener - [onMessage,30] - 过期的KEY===>>repeat_submit:/order-process-server/order/salesOrderBearer eyJhbGciOiJIUzUxMiJ9.eyJsb2dpbl91c2VyX2tleSI6ImUwMTIyMTkzLTI5Y2YtNDFkNy05OWIzLTc5OTRlMzEwNGJiNiJ9.QET83fL9TfjWZ3b10hlNSXAKolz2L5BeJUSymIE5d_UsHPHXMnnWmkSfpYP59TMdLobw0FAOoadhcuQlQe9shA 
19:28:33.862 [container-5] INFO  c.b.f.r.RedisKeyExpirationListener - [onMessage,30] - 过期的KEY===>>repeat_submit:/order-process-server/order/salesOrderBearer eyJhbGciOiJIUzUxMiJ9.eyJsb2dpbl91c2VyX2tleSI6ImUwMTIyMTkzLTI5Y2YtNDFkNy05OWIzLTc5OTRlMzEwNGJiNiJ9.QET83fL9TfjWZ3b10hlNSXAKolz2L5BeJUSymIE5d_UsHPHXMnnWmkSfpYP59TMdLobw0FAOoadhcuQlQe9shA 
19:29:03.980 [container-6] INFO  c.b.f.r.RedisKeyExpirationListener - [onMessage,30] - 过期的KEY===>>repeat_submit:/order-process-server/order/orderExamine/nodeAuditBearer eyJhbGciOiJIUzUxMiJ9.eyJsb2dpbl91c2VyX2tleSI6ImUwMTIyMTkzLTI5Y2YtNDFkNy05OWIzLTc5OTRlMzEwNGJiNiJ9.QET83fL9TfjWZ3b10hlNSXAKolz2L5BeJUSymIE5d_UsHPHXMnnWmkSfpYP59TMdLobw0FAOoadhcuQlQe9shA 
19:29:30.676 [container-7] INFO  c.b.f.r.RedisKeyExpirationListener - [onMessage,30] - 过期的KEY===>>repeat_submit:/order-process-server/order/orderNode/complateNodeBearer eyJhbGciOiJIUzUxMiJ9.eyJsb2dpbl91c2VyX2tleSI6ImUwMTIyMTkzLTI5Y2YtNDFkNy05OWIzLTc5OTRlMzEwNGJiNiJ9.QET83fL9TfjWZ3b10hlNSXAKolz2L5BeJUSymIE5d_UsHPHXMnnWmkSfpYP59TMdLobw0FAOoadhcuQlQe9shA 
19:29:48.972 [container-8] INFO  c.b.f.r.RedisKeyExpirationListener - [onMessage,30] - 过期的KEY===>>repeat_submit:/order-process-server/order/orderNode/complateNodeBearer eyJhbGciOiJIUzUxMiJ9.eyJsb2dpbl91c2VyX2tleSI6ImUwMTIyMTkzLTI5Y2YtNDFkNy05OWIzLTc5OTRlMzEwNGJiNiJ9.QET83fL9TfjWZ3b10hlNSXAKolz2L5BeJUSymIE5d_UsHPHXMnnWmkSfpYP59TMdLobw0FAOoadhcuQlQe9shA 
