20:00:22.344 [restartedMain] INFO  c.b.RuoYiApplication - [logStarting,55] - Starting RuoYiApplication using Java 1.8.0_322 on LAPTOP-E35JHJUB with PID 1292 (D:\work\order-process-main\brt-admin\target\classes started by dada in D:\work\order-process-main)
20:00:22.349 [restartedMain] INFO  c.b.RuoYiApplication - [logStartupProfileInfo,686] - The following 2 profiles are active: "druid", "dev"
20:00:22.353 [background-preinit] INFO  o.h.v.i.util.Version - [<clinit>,21] - HV000001: Hibernate Validator 6.2.3.Final
20:00:24.421 [restartedMain] INFO  o.a.c.h.Http11NioProtocol - [log,173] - Initializing ProtocolHandler ["http-nio-8080"]
20:00:24.421 [restartedMain] INFO  o.a.c.c.StandardService - [log,173] - Starting service [Tomcat]
20:00:24.422 [restartedMain] INFO  o.a.c.c.StandardEngine - [log,173] - Starting Servlet engine: [Apache Tomcat/9.0.63]
20:00:24.524 [restartedMain] INFO  o.a.c.c.C.[.[.[/order-process-server] - [log,173] - Initializing Spring embedded WebApplicationContext
20:00:29.525 [restartedMain] INFO  c.a.d.p.DruidDataSource - [init,996] - {dataSource-1} inited
20:00:29.530 [restartedMain] INFO  c.a.d.p.DruidDataSource - [close,2138] - {dataSource-1} closing ...
20:00:29.531 [restartedMain] INFO  c.a.d.p.DruidDataSource - [close,2211] - {dataSource-1} closed
20:00:29.549 [restartedMain] INFO  o.a.c.c.StandardService - [log,173] - Stopping service [Tomcat]
20:02:43.359 [restartedMain] INFO  c.b.RuoYiApplication - [logStarting,55] - Starting RuoYiApplication using Java 1.8.0_322 on LAPTOP-E35JHJUB with PID 8816 (D:\work\order-process-main\brt-admin\target\classes started by dada in D:\work\order-process-main)
20:02:43.362 [restartedMain] INFO  c.b.RuoYiApplication - [logStartupProfileInfo,686] - The following 2 profiles are active: "druid", "dev"
20:02:43.364 [background-preinit] INFO  o.h.v.i.util.Version - [<clinit>,21] - HV000001: Hibernate Validator 6.2.3.Final
20:02:45.565 [restartedMain] INFO  o.a.c.h.Http11NioProtocol - [log,173] - Initializing ProtocolHandler ["http-nio-8080"]
20:02:45.565 [restartedMain] INFO  o.a.c.c.StandardService - [log,173] - Starting service [Tomcat]
20:02:45.565 [restartedMain] INFO  o.a.c.c.StandardEngine - [log,173] - Starting Servlet engine: [Apache Tomcat/9.0.63]
20:02:45.650 [restartedMain] INFO  o.a.c.c.C.[.[.[/order-process-server] - [log,173] - Initializing Spring embedded WebApplicationContext
20:02:50.442 [restartedMain] INFO  c.a.d.p.DruidDataSource - [init,996] - {dataSource-1} inited
20:02:50.449 [restartedMain] INFO  c.a.d.p.DruidDataSource - [close,2138] - {dataSource-1} closing ...
20:02:50.450 [restartedMain] INFO  c.a.d.p.DruidDataSource - [close,2211] - {dataSource-1} closed
20:02:50.473 [restartedMain] INFO  o.a.c.c.StandardService - [log,173] - Stopping service [Tomcat]
20:25:07.658 [restartedMain] INFO  c.b.RuoYiApplication - [logStarting,55] - Starting RuoYiApplication using Java 1.8.0_322 on LAPTOP-E35JHJUB with PID 18608 (D:\work\order-process-main\brt-admin\target\classes started by dada in D:\work\order-process-main)
20:25:07.661 [restartedMain] INFO  c.b.RuoYiApplication - [logStartupProfileInfo,686] - The following 2 profiles are active: "druid", "dev"
20:25:07.668 [background-preinit] INFO  o.h.v.i.util.Version - [<clinit>,21] - HV000001: Hibernate Validator 6.2.3.Final
20:25:09.798 [restartedMain] INFO  o.a.c.h.Http11NioProtocol - [log,173] - Initializing ProtocolHandler ["http-nio-8080"]
20:25:09.798 [restartedMain] INFO  o.a.c.c.StandardService - [log,173] - Starting service [Tomcat]
20:25:09.799 [restartedMain] INFO  o.a.c.c.StandardEngine - [log,173] - Starting Servlet engine: [Apache Tomcat/9.0.63]
20:25:09.881 [restartedMain] INFO  o.a.c.c.C.[.[.[/order-process-server] - [log,173] - Initializing Spring embedded WebApplicationContext
20:25:12.870 [restartedMain] INFO  c.a.d.p.DruidDataSource - [init,996] - {dataSource-1} inited
20:25:12.875 [restartedMain] INFO  c.a.d.p.DruidDataSource - [close,2138] - {dataSource-1} closing ...
20:25:12.876 [restartedMain] INFO  c.a.d.p.DruidDataSource - [close,2211] - {dataSource-1} closed
20:25:12.893 [restartedMain] INFO  o.a.c.c.StandardService - [log,173] - Stopping service [Tomcat]
20:25:38.065 [restartedMain] INFO  c.b.RuoYiApplication - [logStarting,55] - Starting RuoYiApplication using Java 1.8.0_322 on LAPTOP-E35JHJUB with PID 17908 (D:\work\order-process-main\brt-admin\target\classes started by dada in D:\work\order-process-main)
20:25:38.068 [restartedMain] INFO  c.b.RuoYiApplication - [logStartupProfileInfo,686] - The following 2 profiles are active: "druid", "dev"
20:25:38.071 [background-preinit] INFO  o.h.v.i.util.Version - [<clinit>,21] - HV000001: Hibernate Validator 6.2.3.Final
20:25:40.177 [restartedMain] INFO  o.a.c.h.Http11NioProtocol - [log,173] - Initializing ProtocolHandler ["http-nio-8080"]
20:25:40.178 [restartedMain] INFO  o.a.c.c.StandardService - [log,173] - Starting service [Tomcat]
20:25:40.178 [restartedMain] INFO  o.a.c.c.StandardEngine - [log,173] - Starting Servlet engine: [Apache Tomcat/9.0.63]
20:25:40.295 [restartedMain] INFO  o.a.c.c.C.[.[.[/order-process-server] - [log,173] - Initializing Spring embedded WebApplicationContext
20:25:44.449 [restartedMain] INFO  c.a.d.p.DruidDataSource - [init,996] - {dataSource-1} inited
20:25:45.420 [restartedMain] INFO  c.a.d.p.DruidDataSource - [close,2138] - {dataSource-1} closing ...
20:25:45.424 [restartedMain] INFO  c.a.d.p.DruidDataSource - [close,2211] - {dataSource-1} closed
20:25:45.546 [restartedMain] INFO  o.a.c.c.StandardService - [log,173] - Stopping service [Tomcat]
20:28:15.194 [restartedMain] INFO  c.b.RuoYiApplication - [logStarting,55] - Starting RuoYiApplication using Java 1.8.0_322 on LAPTOP-E35JHJUB with PID 15452 (D:\work\order-process-main\brt-admin\target\classes started by dada in D:\work\order-process-main)
20:28:15.197 [restartedMain] INFO  c.b.RuoYiApplication - [logStartupProfileInfo,686] - The following 2 profiles are active: "druid", "dev"
20:28:15.204 [background-preinit] INFO  o.h.v.i.util.Version - [<clinit>,21] - HV000001: Hibernate Validator 6.2.3.Final
20:28:17.131 [restartedMain] INFO  o.a.c.h.Http11NioProtocol - [log,173] - Initializing ProtocolHandler ["http-nio-8080"]
20:28:17.131 [restartedMain] INFO  o.a.c.c.StandardService - [log,173] - Starting service [Tomcat]
20:28:17.131 [restartedMain] INFO  o.a.c.c.StandardEngine - [log,173] - Starting Servlet engine: [Apache Tomcat/9.0.63]
20:28:17.210 [restartedMain] INFO  o.a.c.c.C.[.[.[/order-process-server] - [log,173] - Initializing Spring embedded WebApplicationContext
20:28:21.573 [restartedMain] INFO  c.a.d.p.DruidDataSource - [init,996] - {dataSource-1} inited
20:28:25.925 [restartedMain] INFO  o.q.i.StdSchedulerFactory - [instantiate,1220] - Using default implementation for ThreadExecutor
20:28:25.936 [restartedMain] INFO  o.q.c.SchedulerSignalerImpl - [<init>,61] - Initialized Scheduler Signaller of type: class org.quartz.core.SchedulerSignalerImpl
20:28:25.936 [restartedMain] INFO  o.q.c.QuartzScheduler - [<init>,229] - Quartz Scheduler v.2.3.2 created.
20:28:25.938 [restartedMain] INFO  o.q.s.RAMJobStore - [initialize,155] - RAMJobStore initialized.
20:28:25.938 [restartedMain] INFO  o.q.c.QuartzScheduler - [initialize,294] - Scheduler meta-data: Quartz Scheduler (v2.3.2) 'quartzScheduler' with instanceId 'NON_CLUSTERED'
  Scheduler class: 'org.quartz.core.QuartzScheduler' - running locally.
  NOT STARTED.
  Currently in standby mode.
  Number of jobs executed: 0
  Using thread pool 'org.quartz.simpl.SimpleThreadPool' - with 10 threads.
  Using job-store 'org.quartz.simpl.RAMJobStore' - which does not support persistence. and is not clustered.

20:28:25.938 [restartedMain] INFO  o.q.i.StdSchedulerFactory - [instantiate,1374] - Quartz scheduler 'quartzScheduler' initialized from an externally provided properties instance.
20:28:25.938 [restartedMain] INFO  o.q.i.StdSchedulerFactory - [instantiate,1378] - Quartz scheduler version: 2.3.2
20:28:25.938 [restartedMain] INFO  o.q.c.QuartzScheduler - [setJobFactory,2293] - JobFactory set to: org.springframework.scheduling.quartz.SpringBeanJobFactory@68d39792
20:28:27.401 [restartedMain] INFO  o.a.c.h.Http11NioProtocol - [log,173] - Starting ProtocolHandler ["http-nio-8080"]
20:28:27.881 [restartedMain] INFO  o.q.c.QuartzScheduler - [start,547] - Scheduler quartzScheduler_$_NON_CLUSTERED started.
20:28:27.889 [restartedMain] INFO  c.b.RuoYiApplication - [logStarted,61] - Started RuoYiApplication in 13.029 seconds (JVM running for 14.07)
20:31:25.713 [container-2] INFO  c.b.f.r.RedisKeyExpirationListener - [onMessage,30] - 过期的KEY===>>captcha_codes:9ea9f8da48164cbfb0f47b975207985c 
20:46:39.268 [schedule-pool-1] INFO  sys-user - [run,55] - [127.0.0.1]内网IP[admin][Error][密码输入错误1次]
20:46:39.297 [schedule-pool-2] INFO  sys-user - [run,55] - [127.0.0.1]内网IP[admin][Error][用户不存在/密码错误]
20:47:20.823 [restartedMain] INFO  c.b.RuoYiApplication - [logStarting,55] - Starting RuoYiApplication using Java 1.8.0_322 on LAPTOP-E35JHJUB with PID 20536 (D:\work\order-process-main\brt-admin\target\classes started by dada in D:\work\order-process-main)
20:47:20.827 [restartedMain] INFO  c.b.RuoYiApplication - [logStartupProfileInfo,686] - The following 2 profiles are active: "druid", "dev"
20:47:20.832 [background-preinit] INFO  o.h.v.i.util.Version - [<clinit>,21] - HV000001: Hibernate Validator 6.2.3.Final
20:47:23.075 [restartedMain] INFO  o.a.c.h.Http11NioProtocol - [log,173] - Initializing ProtocolHandler ["http-nio-8080"]
20:47:23.075 [restartedMain] INFO  o.a.c.c.StandardService - [log,173] - Starting service [Tomcat]
20:47:23.075 [restartedMain] INFO  o.a.c.c.StandardEngine - [log,173] - Starting Servlet engine: [Apache Tomcat/9.0.63]
20:47:23.168 [restartedMain] INFO  o.a.c.c.C.[.[.[/order-process-server] - [log,173] - Initializing Spring embedded WebApplicationContext
20:47:27.617 [restartedMain] INFO  c.a.d.p.DruidDataSource - [init,996] - {dataSource-1} inited
20:47:32.056 [restartedMain] INFO  o.q.i.StdSchedulerFactory - [instantiate,1220] - Using default implementation for ThreadExecutor
20:47:32.066 [restartedMain] INFO  o.q.c.SchedulerSignalerImpl - [<init>,61] - Initialized Scheduler Signaller of type: class org.quartz.core.SchedulerSignalerImpl
20:47:32.066 [restartedMain] INFO  o.q.c.QuartzScheduler - [<init>,229] - Quartz Scheduler v.2.3.2 created.
20:47:32.067 [restartedMain] INFO  o.q.s.RAMJobStore - [initialize,155] - RAMJobStore initialized.
20:47:32.068 [restartedMain] INFO  o.q.c.QuartzScheduler - [initialize,294] - Scheduler meta-data: Quartz Scheduler (v2.3.2) 'quartzScheduler' with instanceId 'NON_CLUSTERED'
  Scheduler class: 'org.quartz.core.QuartzScheduler' - running locally.
  NOT STARTED.
  Currently in standby mode.
  Number of jobs executed: 0
  Using thread pool 'org.quartz.simpl.SimpleThreadPool' - with 10 threads.
  Using job-store 'org.quartz.simpl.RAMJobStore' - which does not support persistence. and is not clustered.

20:47:32.068 [restartedMain] INFO  o.q.i.StdSchedulerFactory - [instantiate,1374] - Quartz scheduler 'quartzScheduler' initialized from an externally provided properties instance.
20:47:32.068 [restartedMain] INFO  o.q.i.StdSchedulerFactory - [instantiate,1378] - Quartz scheduler version: 2.3.2
20:47:32.068 [restartedMain] INFO  o.q.c.QuartzScheduler - [setJobFactory,2293] - JobFactory set to: org.springframework.scheduling.quartz.SpringBeanJobFactory@761f9003
20:47:33.755 [restartedMain] INFO  o.a.c.h.Http11NioProtocol - [log,173] - Starting ProtocolHandler ["http-nio-8080"]
20:47:34.481 [restartedMain] INFO  o.q.c.QuartzScheduler - [start,547] - Scheduler quartzScheduler_$_NON_CLUSTERED started.
20:47:34.492 [restartedMain] INFO  c.b.RuoYiApplication - [logStarted,61] - Started RuoYiApplication in 14.049 seconds (JVM running for 15.262)
20:48:32.094 [container-2] INFO  c.b.f.r.RedisKeyExpirationListener - [onMessage,30] - 过期的KEY===>>captcha_codes:65d23d5ad1c14a8b9dfce36d8a700693 
20:48:33.795 [container-3] INFO  c.b.f.r.RedisKeyExpirationListener - [onMessage,30] - 过期的KEY===>>captcha_codes:dc6dc65a88534645bcc4dfee14c39d7a 
20:48:39.407 [container-4] INFO  c.b.f.r.RedisKeyExpirationListener - [onMessage,30] - 过期的KEY===>>captcha_codes:628c114b217f4cb58e7ca45e8f35b449 
20:48:59.482 [schedule-pool-1] INFO  sys-user - [run,55] - [127.0.0.1]内网IP[admin][Error][验证码已失效]
20:50:39.870 [schedule-pool-1] INFO  sys-user - [run,55] - [127.0.0.1]内网IP[admin][Error][密码输入错误2次]
20:50:42.761 [schedule-pool-2] INFO  sys-user - [run,55] - [127.0.0.1]内网IP[admin][Error][用户不存在/密码错误]
20:50:59.930 [container-5] INFO  c.b.f.r.RedisKeyExpirationListener - [onMessage,30] - 过期的KEY===>>captcha_codes:a82b2da8d6dc4f26a688660b8b00af87 
20:51:58.941 [schedule-pool-3] INFO  sys-user - [run,55] - [127.0.0.1]内网IP[admin][Error][验证码错误]
20:54:21.772 [schedule-pool-1] INFO  sys-user - [run,55] - [127.0.0.1]内网IP[admin][Error][密码输入错误3次]
20:54:21.818 [schedule-pool-2] INFO  sys-user - [run,55] - [127.0.0.1]内网IP[admin][Error][用户不存在/密码错误]
20:54:32.039 [schedule-pool-4] INFO  sys-user - [run,55] - [127.0.0.1]内网IP[admin][Error][验证码错误]
20:54:35.995 [schedule-pool-3] INFO  sys-user - [run,55] - [127.0.0.1]内网IP[admin][Error][用户不存在/密码错误]
20:54:48.329 [schedule-pool-5] INFO  sys-user - [run,55] - [127.0.0.1]内网IP[admin][Error][验证码错误]
20:54:52.886 [schedule-pool-6] INFO  sys-user - [run,55] - [127.0.0.1]内网IP[admin][Error][用户不存在/密码错误]
20:55:03.142 [schedule-pool-1] INFO  sys-user - [run,55] - [127.0.0.1]内网IP[admin][Error][验证码错误]
21:15:35.146 [container-7] INFO  c.b.f.r.RedisKeyExpirationListener - [onMessage,30] - 过期的KEY===>>captcha_codes:d6ae6f0b70364c87af62c414e31ec6a4 
21:15:35.146 [container-6] INFO  c.b.f.r.RedisKeyExpirationListener - [onMessage,30] - 过期的KEY===>>captcha_codes:2fdb079a456d469da2de44ccd9ce9a4d 
21:15:35.146 [container-8] INFO  c.b.f.r.RedisKeyExpirationListener - [onMessage,30] - 过期的KEY===>>captcha_codes:86b4bb63744a467dbe36d765e65c296f 
21:15:35.147 [container-9] INFO  c.b.f.r.RedisKeyExpirationListener - [onMessage,30] - 过期的KEY===>>pwd_err_cnt:admin 
21:15:35.241 [schedule-pool-2] INFO  sys-user - [run,55] - [127.0.0.1]内网IP[admin][Error][密码输入错误4次]
21:15:35.302 [schedule-pool-7] INFO  sys-user - [run,55] - [127.0.0.1]内网IP[admin][Error][用户不存在/密码错误]
21:17:35.672 [container-10] INFO  c.b.f.r.RedisKeyExpirationListener - [onMessage,30] - 过期的KEY===>>captcha_codes:9fda41bd4db543edbbacc79dca69db73 
21:25:35.299 [container-11] INFO  c.b.f.r.RedisKeyExpirationListener - [onMessage,30] - 过期的KEY===>>pwd_err_cnt:admin 
21:35:46.631 [schedule-pool-4] INFO  sys-user - [run,55] - [127.0.0.1]内网IP[admin][Error][验证码错误]
21:35:52.368 [schedule-pool-8] INFO  sys-user - [run,55] - [127.0.0.1]内网IP[admin][Error][验证码错误]
21:35:57.132 [schedule-pool-16] INFO  sys-user - [run,55] - [127.0.0.1]内网IP[admin][Success][登录成功]
21:36:41.505 [SpringApplicationShutdownHook] INFO  o.q.c.QuartzScheduler - [standby,585] - Scheduler quartzScheduler_$_NON_CLUSTERED paused.
