15:11:35.444 [restartedMain] INFO  c.b.RuoYiApplication - [logStarting,55] - Starting RuoYiApplication using Java 1.8.0_322 on LAPTOP-E35JHJUB with PID 19068 (D:\work\order-process-main\brt-admin\target\classes started by dada in D:\work\order-process-main)
15:11:35.447 [background-preinit] INFO  o.h.v.i.util.Version - [<clinit>,21] - HV000001: Hibernate Validator 6.2.3.Final
15:11:35.457 [restartedMain] INFO  c.b.RuoYiApplication - [logStartupProfileInfo,686] - The following 2 profiles are active: "druid", "dev"
15:11:38.246 [restartedMain] INFO  o.a.c.h.Http11NioProtocol - [log,173] - Initializing ProtocolHandler ["http-nio-8080"]
15:11:38.247 [restartedMain] INFO  o.a.c.c.StandardService - [log,173] - Starting service [Tomcat]
15:11:38.247 [restartedMain] INFO  o.a.c.c.StandardEngine - [log,173] - Starting Servlet engine: [Apache Tomcat/9.0.63]
15:11:38.365 [restartedMain] INFO  o.a.c.c.C.[.[.[/order-process-server] - [log,173] - Initializing Spring embedded WebApplicationContext
15:11:44.682 [restartedMain] INFO  c.a.d.p.DruidDataSource - [init,996] - {dataSource-1} inited
15:11:51.730 [restartedMain] INFO  o.q.i.StdSchedulerFactory - [instantiate,1220] - Using default implementation for ThreadExecutor
15:11:51.742 [restartedMain] INFO  o.q.c.SchedulerSignalerImpl - [<init>,61] - Initialized Scheduler Signaller of type: class org.quartz.core.SchedulerSignalerImpl
15:11:51.742 [restartedMain] INFO  o.q.c.QuartzScheduler - [<init>,229] - Quartz Scheduler v.2.3.2 created.
15:11:51.743 [restartedMain] INFO  o.q.s.RAMJobStore - [initialize,155] - RAMJobStore initialized.
15:11:51.744 [restartedMain] INFO  o.q.c.QuartzScheduler - [initialize,294] - Scheduler meta-data: Quartz Scheduler (v2.3.2) 'quartzScheduler' with instanceId 'NON_CLUSTERED'
  Scheduler class: 'org.quartz.core.QuartzScheduler' - running locally.
  NOT STARTED.
  Currently in standby mode.
  Number of jobs executed: 0
  Using thread pool 'org.quartz.simpl.SimpleThreadPool' - with 10 threads.
  Using job-store 'org.quartz.simpl.RAMJobStore' - which does not support persistence. and is not clustered.

15:11:51.744 [restartedMain] INFO  o.q.i.StdSchedulerFactory - [instantiate,1374] - Quartz scheduler 'quartzScheduler' initialized from an externally provided properties instance.
15:11:51.744 [restartedMain] INFO  o.q.i.StdSchedulerFactory - [instantiate,1378] - Quartz scheduler version: 2.3.2
15:11:51.744 [restartedMain] INFO  o.q.c.QuartzScheduler - [setJobFactory,2293] - JobFactory set to: org.springframework.scheduling.quartz.SpringBeanJobFactory@1c11acb6
15:11:53.611 [restartedMain] INFO  o.a.c.h.Http11NioProtocol - [log,173] - Starting ProtocolHandler ["http-nio-8080"]
15:11:54.128 [restartedMain] INFO  o.q.c.QuartzScheduler - [start,547] - Scheduler quartzScheduler_$_NON_CLUSTERED started.
15:11:54.148 [restartedMain] INFO  c.b.RuoYiApplication - [logStarted,61] - Started RuoYiApplication in 19.195 seconds (JVM running for 22.088)
15:12:22.365 [http-nio-8080-exec-2] INFO  o.a.c.c.C.[.[.[/order-process-server] - [log,173] - Initializing Spring DispatcherServlet 'dispatcherServlet'
15:12:35.993 [schedule-pool-1] INFO  sys-user - [run,55] - [127.0.0.1]内网IP[admin][Success][登录成功]
15:24:45.693 [schedule-pool-2] INFO  sys-user - [run,55] - [127.0.0.1]内网IP[admin][Logout][退出成功]
15:25:15.181 [schedule-pool-3] INFO  sys-user - [run,55] - [127.0.0.1]内网IP[admin][Success][登录成功]
15:26:46.356 [container-2] INFO  c.b.f.r.RedisKeyExpirationListener - [onMessage,30] - 过期的KEY===>>captcha_codes:df4d7f7380894ca293069e8ca496c85f 
15:26:48.529 [container-3] INFO  c.b.f.r.RedisKeyExpirationListener - [onMessage,30] - 过期的KEY===>>captcha_codes:3b8c7991964e490fbdc356e2e97451f3 
15:35:10.438 [SpringApplicationShutdownHook] INFO  o.q.c.QuartzScheduler - [standby,585] - Scheduler quartzScheduler_$_NON_CLUSTERED paused.
